// Vitest Snapshot v1, https://vitest.dev/guide/snapshot.html

exports[`TabBar Component > renders tabs correctly 1`] = `
<div>
  <div
    class="tabbar-container svelte-1n51new"
  >
    <div
      class="tab-item active svelte-1n51new"
    >
      <button
        class="tab-label svelte-1n51new"
      >
        <i
          class="fa-solid fa-table tab-icon svelte-1n51new"
        />
        <!---->
         
        <span
          class="tab-text svelte-1n51new"
        >
          Tab One
        </span>
      </button>
       
      <button
        aria-label="Close tab"
        class="tab-close svelte-1n51new"
      >
        <i
          class="fa-solid fa-xmark"
        />
      </button>
    </div>
    <div
      class="tab-item  svelte-1n51new"
    >
      <button
        class="tab-label svelte-1n51new"
      >
        <i
          class="fa-solid fa-table tab-icon svelte-1n51new"
        />
        <!---->
         
        <span
          class="tab-text svelte-1n51new"
        >
          Tab Two
        </span>
      </button>
       
      <button
        aria-label="Close tab"
        class="tab-close svelte-1n51new"
      >
        <i
          class="fa-solid fa-xmark"
        />
      </button>
    </div>
    
  </div>
  
</div>
`;
