// Vitest Snapshot v1, https://vitest.dev/guide/snapshot.html

exports[`Tabs Component > renders correctly 1`] = `
<div>
  <div
    class="svelte-1ubhdxk"
  >
    <h2
      class="svelte-1ubhdxk"
    >
      Settings Tab Content
    </h2>
     
    <p
      class="svelte-1ubhdxk"
    >
      This is the content for the Settings tab.
    </p>
  </div>
  
</div>
`;
