// Vitest Snapshot v1, https://vitest.dev/guide/snapshot.html

exports[`InitScreen Component > renders correctly and queries recent projects 1`] = `
<div>
  <div
    class="svelte-1k37z1c"
    id="init-connection-container"
  >
    <div
      class="main-logo-container mt-12 svelte-1k37z1c"
      title="DataSquirrel"
    >
      <img
        alt="DataSQuirreL Logo"
        src="/src/assets/MainLogo.png"
        width="220"
      />
    </div>
     
    <div
      class="columns-2 flex w-5/6 justify-evenly z-1 mt-20"
    >
      <div
        class="w-1/2 grid grid-flow-col text-center"
        id="recent-projects-container"
      >
        <div
          class="recent-projects w-full svelte-2q1der"
        >
          <div>
            <div
              class="recent-projects-header w-full my-5 svelte-2q1der"
            >
              <h2
                class="text-2xl w-full"
              >
                Recent Projects
              </h2>
            </div>
             
            <div
              class="col-start-1 my-5 recent-projects-list svelte-2q1der"
            >
              <div
                class="flex items-center justify-center h-32 text-gray-500"
              >
                No recent Project
              </div>
              <!---->
            </div>
          </div>
        </div>
        <!---->
      </div>
       
      <div
        class="connection-form-container w-1/2"
      >
        <div
          class="max-w-lg border border-gray-200 rounded-lg p-4 bg-white shadow-md mx-auto"
        >
          <div
            class="flex flex-wrap mx-3 mb-5"
          >
            <div
              class="w-full px-3 my-5"
            >
              <h2
                class="text-2xl text-center"
              >
                New Database Connection
              </h2>
            </div>
          </div>
           
          <div
            class="flex flex-wrap -mx-3"
          >
            <div
              class="w-full px-3"
            >
              <div
                class="mb-4"
              >
                <label
                  class="block text-gray-700 text-sm font-bold mb-2"
                  for="projectName"
                >
                  Project Name
                </label>
                 
                <div
                  class="relative"
                >
                  <input
                    autocomplete="off"
                    class="shadow appearance-none border border-gray-200 rounded w-full py-2 px-3 text-gray-500 leading-tight focus:outline-none focus:shadow-outline"
                    id="projectName"
                    placeholder="Enter Project name"
                    type="text"
                  />
                </div>
              </div>
            </div>
          </div>
           
          <div
            class="flex flex-wrap -mx-3"
          >
            <div
              class="w-full px-3"
            >
              <div
                class="mb-4"
              >
                <label
                  class="block text-gray-700 text-sm font-bold mb-2"
                  for="dbType"
                >
                  Database Type
                </label>
                 
                <div
                  class="relative"
                >
                  <div
                    class="inline-block relative w-full"
                  >
                    <select
                      class="block appearance-none w-full bg-white border border-gray-200 hover:border-gray-400 px-4 py-2 pr-8 rounded shadow leading-tight focus:outline-none focus:shadow-outline"
                      id="dbType"
                    >
                      <option
                        disabled=""
                        selected=""
                        value=""
                      >
                        Select your database type
                      </option>
                      <option
                        value="postgres"
                      >
                        PostgreSQL
                      </option>
                    </select>
                     
                    <div
                      class="pointer-events-none absolute inset-y-0 right-0 flex items-center px-2 text-gray-700"
                    >
                      <svg
                        class="fill-current h-4 w-4"
                        viewBox="0 0 20 20"
                        xmlns="http://www.w3.org/2000/svg"
                      >
                        <path
                          d="M9.293 12.95l.707.707L15.657 8l-1.414-1.414L10 10.828 5.757 6.586 4.343 8z"
                        />
                      </svg>
                    </div>
                  </div>
                </div>
              </div>
            </div>
          </div>
           
          <div
            class="flex flex-wrap -mx-3"
          >
            <div
              class="w-full md:w-1/2 px-3"
            >
              <div
                class="mb-4"
              >
                <label
                  class="block text-gray-700 text-sm font-bold mb-2"
                  for="hostName"
                >
                  Host
                </label>
                 
                <div
                  class="relative"
                >
                  <input
                    autocomplete="off"
                    class="shadow appearance-none border border-gray-200 rounded w-full py-2 px-3 text-gray-700 leading-tight focus:outline-none focus:shadow-outline"
                    id="hostName"
                    placeholder="Enter Host"
                    type="text"
                  />
                </div>
              </div>
            </div>
             
            <div
              class="w-full md:w-1/2 px-3"
            >
              <div
                class="mb-4"
              >
                <label
                  class="block text-gray-700 text-sm font-bold mb-2"
                  for="port"
                >
                  Port
                </label>
                 
                <div
                  class="relative"
                >
                  <input
                    autocomplete="off"
                    class="shadow appearance-none border border-gray-200 rounded w-full py-2 px-3 text-gray-700 leading-tight focus:outline-none focus:shadow-outline"
                    id="port"
                    placeholder="Enter Port"
                    type="number"
                  />
                </div>
              </div>
            </div>
          </div>
           
          <div
            class="flex flex-wrap -mx-3"
          >
            <div
              class="w-full md:w-1/2 px-3"
            >
              <div
                class="mb-4"
              >
                <label
                  class="block text-gray-700 text-sm font-bold mb-2"
                  for="userName"
                >
                  Username
                </label>
                 
                <div
                  class="relative"
                >
                  <input
                    autocomplete="off"
                    class="shadow appearance-none border border-gray-200 rounded w-full py-2 px-3 text-gray-700 leading-tight focus:outline-none focus:shadow-outline"
                    id="userName"
                    placeholder="Enter Username"
                    type="text"
                  />
                </div>
              </div>
            </div>
             
            <div
              class="w-full md:w-1/2 px-3"
            >
              <div
                class="mb-4"
              >
                <label
                  class="block text-gray-700 text-sm font-bold mb-2"
                  for="password"
                >
                  Password
                </label>
                 
                <div
                  class="relative"
                >
                  <input
                    autocomplete="off"
                    class="shadow appearance-none border border-gray-200 rounded w-full py-2 px-3 text-gray-700 leading-tight focus:outline-none focus:shadow-outline"
                    id="password"
                    placeholder="Enter Password"
                    type="password"
                  />
                </div>
              </div>
            </div>
          </div>
           
          <div
            class="flex flex-wrap -mx-3"
          >
            <div
              class="w-full px-3"
            >
              <div
                class="mb-4"
              >
                <label
                  class="block text-gray-700 text-sm font-bold mb-2"
                  for="projectName"
                >
                  Database Name
                </label>
                 
                <div
                  class="relative"
                >
                  <input
                    autocomplete="off"
                    class="shadow appearance-none border border-gray-200 rounded w-full py-2 px-3 text-gray-700 leading-tight focus:outline-none focus:shadow-outline"
                    id="dbName"
                    placeholder="Enter database name"
                    type="text"
                  />
                </div>
              </div>
            </div>
          </div>
           
          <button
            class="bg-(--secondaryColor) hover:bg-(--secondaryColor) text-white w-35 h-10 rounded focus:outline-none focus:shadow-outline flex items-center justify-center gap-2 cursor-pointer transition duration-300 ease-in-out"
          >
            <span
              class="text-base flex items-center justify-center gap-2"
            >
              Connect 
              <span
                class="text-white scale-70"
              >
                <svg
                  class="size-6"
                  fill="none"
                  stroke="currentColor"
                  stroke-width="1.5"
                  viewBox="0 0 24 24"
                  xmlns="http://www.w3.org/2000/svg"
                >
                  
  
                  <path
                    d="M13.5 4.5 21 12m0 0-7.5 7.5M21 12H3"
                    stroke-linecap="round"
                    stroke-linejoin="round"
                  />
                  

                </svg>
                

                <!---->
              </span>
            </span>
            <!---->
             
            <!---->
            
            <!---->
          </button>
        </div>
        <!---->
      </div>
    </div>
     
    <div
      class="init-connection-container--top-eclipse absolute svelte-1k37z1c"
    >
      <svg
        fill="none"
        height="290"
        viewBox="0 0 322 290"
        width="322"
        xmlns="http://www.w3.org/2000/svg"
      >
        

        <g
          clip-path="url(#clip0_26_146)"
        >
          

          <path
            d="M178.066 10.7254C196.903 41.9004 191.59 83.6604 170.338 115.125C148.925 146.735 111.573 168.05 70.1959 170.08C28.9799 172.11 -16.1001 154.565 -36.0641 123.825C-56.0281 92.9404 -50.7151 48.8604 -28.1751 15.6554C-5.6351 -17.5496 34.1319 -39.7346 75.5089 -40.4596C116.725 -41.1846 159.39 -20.4496 178.066 10.7254Z"
            fill="#57D7CA"
          />
          

        </g>
        

        <defs>
          

          <clippath
            id="clip0_26_146"
          >
            

            <rect
              fill="white"
              height="290"
              width="322"
            />
            

          </clippath>
          

        </defs>
        

      </svg>
      

      <!---->
    </div>
     
    <div
      class="init-connection-container--background absolute svelte-1k37z1c"
    >
      <svg
        fill="none"
        height="558"
        viewBox="0 0 1920 558"
        width="1920"
        xmlns="http://www.w3.org/2000/svg"
      >
        

        <path
          d="M0 215.429L53.3333 161.571C106.667 107.714 213.333 0 320 0C426.667 0 533.333 107.714 640 143.731C746.667 178.402 853.333 144.741 960 125.554C1066.67 107.714 1173.33 107.714 1280 215.429C1386.67 323.143 1493.33 538.571 1600 538.571C1706.67 538.571 1813.33 323.143 1866.67 215.429L1920 107.714V754H1866.67C1813.33 754 1706.67 754 1600 754C1493.33 754 1386.67 754 1280 754C1173.33 754 1066.67 754 960 754C853.333 754 746.667 754 640 754C533.333 754 426.667 754 320 754C213.333 754 106.667 754 53.3333 754H0V215.429Z"
          fill="#57D7CA"
        />
        

      </svg>
      

      <!---->
    </div>
  </div>
  
</div>
`;
